src/components/admin/dashboard/DashboardPesananAktif.tsx(45,11): error TS2345: Argument of type '"branch"' is not assignable to parameter of type '"id" | "created_at" | "note" | "status" | "table_number" | "total"'.
src/components/admin/dashboard/DashboardPesananAktif.tsx(51,20): error TS2352: Conversion of type '{ created_at: string; id: string; note: string | null; status: string; table_number: number; total: number; order_items: { id: string; menu_item_id: string | null; name: string; note: string | null; order_id: string; price: number; qty: number; }[]; }[]' to type 'Order[]' may be a mistake because neither type sufficiently overlaps with the other. If this was intentional, convert the expression to 'unknown' first.
  Property 'branch' is missing in type '{ created_at: string; id: string; note: string | null; status: string; table_number: number; total: number; order_items: { id: string; menu_item_id: string | null; name: string; note: string | null; order_id: string; price: number; qty: number; }[]; }' but required in type 'Order'.
src/components/admin/dashboard/MenuManager.tsx(35,66): error TS2353: Object literal may only specify known properties, and 'available_branches' does not exist in type 'RejectExcessProperties<{ available?: boolean | undefined; category?: string | undefined; created_at?: string | undefined; description?: string | undefined; id?: string | undefined; image_url?: string | null | undefined; name?: string | undefined; price?: number | undefined; }, { ...; }>'.
src/components/admin/dashboard/ReviewBoard.tsx(13,53): error TS2769: No overload matches this call.
  Overload 1 of 2, '(relation: "menu_items" | "order_items" | "orders"): PostgrestQueryBuilder<{ PostgrestVersion: "14.5"; }, { Tables: { menu_items: { Row: { available: boolean; category: string; created_at: string; description: string; id: string; image_url: string | null; name: string; price: number; }; Insert: { ...; }; Update: { ...; }; Relationships: []; }; order_items: { ...; }; orders: { ...; }; }; Views: {}; Functions: {}; Enums: {}; CompositeTypes: {}; }, { ...; } | ... 1 more ... | { ...; }, "menu_items" | ... 1 more ... | "orders", [] | [...]>', gave the following error.
    Argument of type '"branches"' is not assignable to parameter of type '"menu_items" | "order_items" | "orders"'.
  Overload 2 of 2, '(relation: never): PostgrestQueryBuilder<{ PostgrestVersion: "14.5"; }, { Tables: { menu_items: { Row: { available: boolean; category: string; created_at: string; description: string; id: string; image_url: string | null; name: string; price: number; }; Insert: { ...; }; Update: { ...; }; Relationships: []; }; order_items: { ...; }; orders: { ...; }; }; Views: {}; Functions: {}; Enums: {}; CompositeTypes: {}; }, never, never, never>', gave the following error.
    Argument of type '"branches"' is not assignable to parameter of type 'never'.
src/components/admin/dashboard/ReviewBoard.tsx(13,81): error TS2345: Argument of type '"slug"' is not assignable to parameter of type '"id"'.
src/components/admin/dashboard/ReviewBoard.tsx(17,17): error TS2769: No overload matches this call.
  Overload 1 of 2, '(relation: "menu_items" | "order_items" | "orders"): PostgrestQueryBuilder<{ PostgrestVersion: "14.5"; }, { Tables: { menu_items: { Row: { available: boolean; category: string; created_at: string; description: string; id: string; image_url: string | null; name: string; price: number; }; Insert: { ...; }; Update: { ...; }; Relationships: []; }; order_items: { ...; }; orders: { ...; }; }; Views: {}; Functions: {}; Enums: {}; CompositeTypes: {}; }, { ...; } | ... 1 more ... | { ...; }, "menu_items" | ... 1 more ... | "orders", [] | [...]>', gave the following error.
    Argument of type '"reviews"' is not assignable to parameter of type '"menu_items" | "order_items" | "orders"'.
  Overload 2 of 2, '(relation: never): PostgrestQueryBuilder<{ PostgrestVersion: "14.5"; }, { Tables: { menu_items: { Row: { available: boolean; category: string; created_at: string; description: string; id: string; image_url: string | null; name: string; price: number; }; Insert: { ...; }; Update: { ...; }; Relationships: []; }; order_items: { ...; }; orders: { ...; }; }; Views: {}; Functions: {}; Enums: {}; CompositeTypes: {}; }, never, never, never>', gave the following error.
    Argument of type '"reviews"' is not assignable to parameter of type 'never'.
src/components/admin/dashboard/ReviewBoard.tsx(19,15): error TS2345: Argument of type '"branch_id"' is not assignable to parameter of type '"id"'.
src/components/admin/OutletFinanceBoard.tsx(39,13): error TS2345: Argument of type '"branch"' is not assignable to parameter of type '"id" | "created_at" | "note" | "status" | "table_number" | "total"'.
src/components/admin/settings/MasterMenuManager.tsx(17,49): error TS2769: No overload matches this call.
  Overload 1 of 2, '(relation: "menu_items" | "order_items" | "orders"): PostgrestQueryBuilder<{ PostgrestVersion: "14.5"; }, { Tables: { menu_items: { Row: { available: boolean; category: string; created_at: string; description: string; id: string; image_url: string | null; name: string; price: number; }; Insert: { ...; }; Update: { ...; }; Relationships: []; }; order_items: { ...; }; orders: { ...; }; }; Views: {}; Functions: {}; Enums: {}; CompositeTypes: {}; }, { ...; } | ... 1 more ... | { ...; }, "menu_items" | ... 1 more ... | "orders", [] | [...]>', gave the following error.
    Argument of type '"branches"' is not assignable to parameter of type '"menu_items" | "order_items" | "orders"'.
  Overload 2 of 2, '(relation: never): PostgrestQueryBuilder<{ PostgrestVersion: "14.5"; }, { Tables: { menu_items: { Row: { available: boolean; category: string; created_at: string; description: string; id: string; image_url: string | null; name: string; price: number; }; Insert: { ...; }; Update: { ...; }; Relationships: []; }; order_items: { ...; }; orders: { ...; }; }; Views: {}; Functions: {}; Enums: {}; CompositeTypes: {}; }, never, never, never>', gave the following error.
    Argument of type '"branches"' is not assignable to parameter of type 'never'.
src/components/admin/settings/MasterMenuManager.tsx(48,50): error TS2345: Argument of type '{ name: string; category: "coffee" | "hot-coffee" | "americano" | "non-coffee" | "snack" | "makanan" | "tumbler"; price: number; description: string; image_url: string | null; options: MenuOptionGroup[] | null; available_branches: any[]; }' is not assignable to parameter of type 'RejectExcessProperties<{ available?: boolean | undefined; category?: string | undefined; created_at?: string | undefined; description?: string | undefined; id?: string | undefined; image_url?: string | null | undefined; name?: string | undefined; price?: number | undefined; }, { ...; }>'.
  Type '{ name: string; category: "coffee" | "hot-coffee" | "americano" | "non-coffee" | "snack" | "makanan" | "tumbler"; price: number; description: string; image_url: string | null; options: MenuOptionGroup[] | null; available_branches: any[]; }' is not assignable to type '{ options: never; available_branches: never; }'.
    Types of property 'options' are incompatible.
      Type 'MenuOptionGroup[] | null' is not assignable to type 'never'.
        Type 'null' is not assignable to type 'never'.
src/components/admin/settings/MasterMenuManager.tsx(49,50): error TS2345: Argument of type '{ name: string; category: "coffee" | "hot-coffee" | "americano" | "non-coffee" | "snack" | "makanan" | "tumbler"; price: number; description: string; image_url: string | null; options: MenuOptionGroup[] | null; available_branches: any[]; }' is not assignable to parameter of type 'RejectExcessProperties<{ available?: boolean | undefined; category: string; created_at?: string | undefined; description?: string | undefined; id?: string | undefined; image_url?: string | null | undefined; name: string; price: number; }, { ...; }> | RejectExcessProperties<...>[]'.
  Type '{ name: string; category: "coffee" | "hot-coffee" | "americano" | "non-coffee" | "snack" | "makanan" | "tumbler"; price: number; description: string; image_url: string | null; options: MenuOptionGroup[] | null; available_branches: any[]; }' is not assignable to type 'RejectExcessProperties<{ available?: boolean | undefined; category: string; created_at?: string | undefined; description?: string | undefined; id?: string | undefined; image_url?: string | null | undefined; name: string; price: number; }, { ...; }>'.
    Type '{ name: string; category: "coffee" | "hot-coffee" | "americano" | "non-coffee" | "snack" | "makanan" | "tumbler"; price: number; description: string; image_url: string | null; options: MenuOptionGroup[] | null; available_branches: any[]; }' is not assignable to type '{ options: never; available_branches: never; }'.
      Types of property 'options' are incompatible.
        Type 'MenuOptionGroup[] | null' is not assignable to type 'never'.
          Type 'null' is not assignable to type 'never'.
src/components/admin/settings/NotificationManager.tsx(20,13): error TS2769: No overload matches this call.
  Overload 1 of 2, '(relation: "menu_items" | "order_items" | "orders"): PostgrestQueryBuilder<{ PostgrestVersion: "14.5"; }, { Tables: { menu_items: { Row: { available: boolean; category: string; created_at: string; description: string; id: string; image_url: string | null; name: string; price: number; }; Insert: { ...; }; Update: { ...; }; Relationships: []; }; order_items: { ...; }; orders: { ...; }; }; Views: {}; Functions: {}; Enums: {}; CompositeTypes: {}; }, { ...; } | ... 1 more ... | { ...; }, "menu_items" | ... 1 more ... | "orders", [] | [...]>', gave the following error.
    Argument of type '"notifications"' is not assignable to parameter of type '"menu_items" | "order_items" | "orders"'.
  Overload 2 of 2, '(relation: never): PostgrestQueryBuilder<{ PostgrestVersion: "14.5"; }, { Tables: { menu_items: { Row: { available: boolean; category: string; created_at: string; description: string; id: string; image_url: string | null; name: string; price: number; }; Insert: { ...; }; Update: { ...; }; Relationships: []; }; order_items: { ...; }; orders: { ...; }; }; Views: {}; Functions: {}; Enums: {}; CompositeTypes: {}; }, never, never, never>', gave the following error.
    Argument of type '"notifications"' is not assignable to parameter of type 'never'.
src/components/admin/settings/NotificationManager.tsx(27,24): error TS2345: Argument of type '({ available: boolean; category: string; created_at: string; description: string; id: string; image_url: string | null; name: string; price: number; } | { id: string; menu_item_id: string | null; ... 4 more ...; qty: number; } | { ...; })[]' is not assignable to parameter of type 'SetStateAction<Notification[]>'.
  Type '({ available: boolean; category: string; created_at: string; description: string; id: string; image_url: string | null; name: string; price: number; } | { id: string; menu_item_id: string | null; ... 4 more ...; qty: number; } | { ...; })[]' is not assignable to type 'Notification[]'.
    Type '{ available: boolean; category: string; created_at: string; description: string; id: string; image_url: string | null; name: string; price: number; } | { id: string; menu_item_id: string | null; ... 4 more ...; qty: number; } | { ...; }' is not assignable to type 'Notification'.
      Type '{ available: boolean; category: string; created_at: string; description: string; id: string; image_url: string | null; name: string; price: number; }' is missing the following properties from type 'Notification': badge, body, data, dir, and 14 more.
src/components/admin/settings/NotificationManager.tsx(38,13): error TS2769: No overload matches this call.
  Overload 1 of 2, '(relation: "menu_items" | "order_items" | "orders"): PostgrestQueryBuilder<{ PostgrestVersion: "14.5"; }, { Tables: { menu_items: { Row: { available: boolean; category: string; created_at: string; description: string; id: string; image_url: string | null; name: string; price: number; }; Insert: { ...; }; Update: { ...; }; Relationships: []; }; order_items: { ...; }; orders: { ...; }; }; Views: {}; Functions: {}; Enums: {}; CompositeTypes: {}; }, { ...; } | ... 1 more ... | { ...; }, "menu_items" | ... 1 more ... | "orders", [] | [...]>', gave the following error.
    Argument of type '"notifications"' is not assignable to parameter of type '"menu_items" | "order_items" | "orders"'.
  Overload 2 of 2, '(relation: never): PostgrestQueryBuilder<{ PostgrestVersion: "14.5"; }, { Tables: { menu_items: { Row: { available: boolean; category: string; created_at: string; description: string; id: string; image_url: string | null; name: string; price: number; }; Insert: { ...; }; Update: { ...; }; Relationships: []; }; order_items: { ...; }; orders: { ...; }; }; Views: {}; Functions: {}; Enums: {}; CompositeTypes: {}; }, never, never, never>', gave the following error.
    Argument of type '"notifications"' is not assignable to parameter of type 'never'.
src/components/admin/settings/NotificationManager.tsx(39,17): error TS2353: Object literal may only specify known properties, and 'is_active' does not exist in type 'RejectExcessProperties<{ available?: boolean | undefined; category?: string | undefined; created_at?: string | undefined; description?: string | undefined; id?: string | undefined; image_url?: string | null | undefined; name?: string | undefined; price?: number | undefined; } | { ...; } | { ...; }, { ...; } | ... 1 ...'.
src/components/admin/settings/NotificationManager.tsx(45,49): error TS2339: Property 'id' does not exist on type 'Notification'.
src/components/admin/settings/NotificationManager.tsx(61,43): error TS2769: No overload matches this call.
  Overload 1 of 2, '(relation: "menu_items" | "order_items" | "orders"): PostgrestQueryBuilder<{ PostgrestVersion: "14.5"; }, { Tables: { menu_items: { Row: { available: boolean; category: string; created_at: string; description: string; id: string; image_url: string | null; name: string; price: number; }; Insert: { ...; }; Update: { ...; }; Relationships: []; }; order_items: { ...; }; orders: { ...; }; }; Views: {}; Functions: {}; Enums: {}; CompositeTypes: {}; }, { ...; } | ... 1 more ... | { ...; }, "menu_items" | ... 1 more ... | "orders", [] | [...]>', gave the following error.
    Argument of type '"notifications"' is not assignable to parameter of type '"menu_items" | "order_items" | "orders"'.
  Overload 2 of 2, '(relation: never): PostgrestQueryBuilder<{ PostgrestVersion: "14.5"; }, { Tables: { menu_items: { Row: { available: boolean; category: string; created_at: string; description: string; id: string; image_url: string | null; name: string; price: number; }; Insert: { ...; }; Update: { ...; }; Relationships: []; }; order_items: { ...; }; orders: { ...; }; }; Views: {}; Functions: {}; Enums: {}; CompositeTypes: {}; }, never, never, never>', gave the following error.
    Argument of type '"notifications"' is not assignable to parameter of type 'never'.
src/components/admin/settings/NotificationManager.tsx(65,52): error TS2339: Property 'id' does not exist on type 'Notification'.
src/components/admin/settings/NotificationManager.tsx(100,43): error TS2769: No overload matches this call.
  Overload 1 of 2, '(relation: "menu_items" | "order_items" | "orders"): PostgrestQueryBuilder<{ PostgrestVersion: "14.5"; }, { Tables: { menu_items: { Row: { available: boolean; category: string; created_at: string; description: string; id: string; image_url: string | null; name: string; price: number; }; Insert: { ...; }; Update: { ...; }; Relationships: []; }; order_items: { ...; }; orders: { ...; }; }; Views: {}; Functions: {}; Enums: {}; CompositeTypes: {}; }, { ...; } | ... 1 more ... | { ...; }, "menu_items" | ... 1 more ... | "orders", [] | [...]>', gave the following error.
    Argument of type '"notifications"' is not assignable to parameter of type '"menu_items" | "order_items" | "orders"'.
  Overload 2 of 2, '(relation: never): PostgrestQueryBuilder<{ PostgrestVersion: "14.5"; }, { Tables: { menu_items: { Row: { available: boolean; category: string; created_at: string; description: string; id: string; image_url: string | null; name: string; price: number; }; Insert: { ...; }; Update: { ...; }; Relationships: []; }; order_items: { ...; }; orders: { ...; }; }; Views: {}; Functions: {}; Enums: {}; CompositeTypes: {}; }, never, never, never>', gave the following error.
    Argument of type '"notifications"' is not assignable to parameter of type 'never'.
src/components/admin/settings/NotificationManager.tsx(101,9): error TS2353: Object literal may only specify known properties, and 'title' does not exist in type 'RejectExcessProperties<{ available?: boolean | undefined; category: string; created_at?: string | undefined; description?: string | undefined; id?: string | undefined; image_url?: string | null | undefined; name: string; price: number; } | { ...; } | { ...; }, { ...; } | ... 1 more ... | { ...; }>'.
src/components/admin/settings/NotificationManager.tsx(204,29): error TS2339: Property 'id' does not exist on type 'Notification'.
src/components/admin/settings/NotificationManager.tsx(204,161): error TS2339: Property 'is_active' does not exist on type 'Notification'.
src/components/admin/settings/NotificationManager.tsx(205,22): error TS2339: Property 'image_url' does not exist on type 'Notification'.
src/components/admin/settings/NotificationManager.tsx(207,35): error TS2339: Property 'image_url' does not exist on type 'Notification'.
src/components/admin/settings/NotificationManager.tsx(215,39): error TS2339: Property 'created_at' does not exist on type 'Notification'.
src/components/admin/settings/NotificationManager.tsx(218,90): error TS2339: Property 'is_active' does not exist on type 'Notification'.
src/components/admin/settings/NotificationManager.tsx(219,28): error TS2339: Property 'is_active' does not exist on type 'Notification'.
src/components/admin/settings/NotificationManager.tsx(222,72): error TS2339: Property 'content' does not exist on type 'Notification'.
src/components/admin/settings/NotificationManager.tsx(225,61): error TS2339: Property 'id' does not exist on type 'Notification'.
src/components/admin/settings/NotificationManager.tsx(225,71): error TS2339: Property 'is_active' does not exist on type 'Notification'.
src/components/admin/settings/NotificationManager.tsx(228,28): error TS2339: Property 'is_active' does not exist on type 'Notification'.
src/components/admin/settings/NotificationManager.tsx(231,55): error TS2339: Property 'id' does not exist on type 'Notification'.
src/components/admin/settings/NotificationManager.tsx(231,65): error TS2339: Property 'image_url' does not exist on type 'Notification'.
src/components/admin/settings/UserManager.tsx(19,13): error TS2769: No overload matches this call.
  Overload 1 of 2, '(relation: "menu_items" | "order_items" | "orders"): PostgrestQueryBuilder<{ PostgrestVersion: "14.5"; }, { Tables: { menu_items: { Row: { available: boolean; category: string; created_at: string; description: string; id: string; image_url: string | null; name: string; price: number; }; Insert: { ...; }; Update: { ...; }; Relationships: []; }; order_items: { ...; }; orders: { ...; }; }; Views: {}; Functions: {}; Enums: {}; CompositeTypes: {}; }, { ...; } | ... 1 more ... | { ...; }, "menu_items" | ... 1 more ... | "orders", [] | [...]>', gave the following error.
    Argument of type '"profiles"' is not assignable to parameter of type '"menu_items" | "order_items" | "orders"'.
  Overload 2 of 2, '(relation: never): PostgrestQueryBuilder<{ PostgrestVersion: "14.5"; }, { Tables: { menu_items: { Row: { available: boolean; category: string; created_at: string; description: string; id: string; image_url: string | null; name: string; price: number; }; Insert: { ...; }; Update: { ...; }; Relationships: []; }; order_items: { ...; }; orders: { ...; }; }; Views: {}; Functions: {}; Enums: {}; CompositeTypes: {}; }, never, never, never>', gave the following error.
    Argument of type '"profiles"' is not assignable to parameter of type 'never'.
src/components/admin/settings/VoucherManager.tsx(24,13): error TS2769: No overload matches this call.
  Overload 1 of 2, '(relation: "menu_items" | "order_items" | "orders"): PostgrestQueryBuilder<{ PostgrestVersion: "14.5"; }, { Tables: { menu_items: { Row: { available: boolean; category: string; created_at: string; description: string; id: string; image_url: string | null; name: string; price: number; }; Insert: { ...; }; Update: { ...; }; Relationships: []; }; order_items: { ...; }; orders: { ...; }; }; Views: {}; Functions: {}; Enums: {}; CompositeTypes: {}; }, { ...; } | ... 1 more ... | { ...; }, "menu_items" | ... 1 more ... | "orders", [] | [...]>', gave the following error.
    Argument of type '"vouchers"' is not assignable to parameter of type '"menu_items" | "order_items" | "orders"'.
  Overload 2 of 2, '(relation: never): PostgrestQueryBuilder<{ PostgrestVersion: "14.5"; }, { Tables: { menu_items: { Row: { available: boolean; category: string; created_at: string; description: string; id: string; image_url: string | null; name: string; price: number; }; Insert: { ...; }; Update: { ...; }; Relationships: []; }; order_items: { ...; }; orders: { ...; }; }; Views: {}; Functions: {}; Enums: {}; CompositeTypes: {}; }, never, never, never>', gave the following error.
    Argument of type '"vouchers"' is not assignable to parameter of type 'never'.
src/components/admin/settings/VoucherManager.tsx(31,19): error TS2345: Argument of type '({ available: boolean; category: string; created_at: string; description: string; id: string; image_url: string | null; name: string; price: number; } | { id: string; menu_item_id: string | null; ... 4 more ...; qty: number; } | { ...; })[]' is not assignable to parameter of type 'SetStateAction<Voucher[]>'.
  Type '({ available: boolean; category: string; created_at: string; description: string; id: string; image_url: string | null; name: string; price: number; } | { id: string; menu_item_id: string | null; ... 4 more ...; qty: number; } | { ...; })[]' is not assignable to type 'Voucher[]'.
    Type '{ available: boolean; category: string; created_at: string; description: string; id: string; image_url: string | null; name: string; price: number; } | { id: string; menu_item_id: string | null; ... 4 more ...; qty: number; } | { ...; }' is not assignable to type 'Voucher'.
      Type '{ available: boolean; category: string; created_at: string; description: string; id: string; image_url: string | null; name: string; price: number; }' is missing the following properties from type 'Voucher': code, title, valid_until, discount_type, and 6 more.
src/components/admin/settings/VoucherManager.tsx(42,13): error TS2769: No overload matches this call.
  Overload 1 of 2, '(relation: "menu_items" | "order_items" | "orders"): PostgrestQueryBuilder<{ PostgrestVersion: "14.5"; }, { Tables: { menu_items: { Row: { available: boolean; category: string; created_at: string; description: string; id: string; image_url: string | null; name: string; price: number; }; Insert: { ...; }; Update: { ...; }; Relationships: []; }; order_items: { ...; }; orders: { ...; }; }; Views: {}; Functions: {}; Enums: {}; CompositeTypes: {}; }, { ...; } | ... 1 more ... | { ...; }, "menu_items" | ... 1 more ... | "orders", [] | [...]>', gave the following error.
    Argument of type '"vouchers"' is not assignable to parameter of type '"menu_items" | "order_items" | "orders"'.
  Overload 2 of 2, '(relation: never): PostgrestQueryBuilder<{ PostgrestVersion: "14.5"; }, { Tables: { menu_items: { Row: { available: boolean; category: string; created_at: string; description: string; id: string; image_url: string | null; name: string; price: number; }; Insert: { ...; }; Update: { ...; }; Relationships: []; }; order_items: { ...; }; orders: { ...; }; }; Views: {}; Functions: {}; Enums: {}; CompositeTypes: {}; }, never, never, never>', gave the following error.
    Argument of type '"vouchers"' is not assignable to parameter of type 'never'.
src/components/admin/settings/VoucherManager.tsx(43,17): error TS2353: Object literal may only specify known properties, and 'is_active' does not exist in type 'RejectExcessProperties<{ available?: boolean | undefined; category?: string | undefined; created_at?: string | undefined; description?: string | undefined; id?: string | undefined; image_url?: string | null | undefined; name?: string | undefined; price?: number | undefined; } | { ...; } | { ...; }, { ...; } | ... 1 ...'.
src/components/admin/settings/VoucherManager.tsx(57,43): error TS2769: No overload matches this call.
  Overload 1 of 2, '(relation: "menu_items" | "order_items" | "orders"): PostgrestQueryBuilder<{ PostgrestVersion: "14.5"; }, { Tables: { menu_items: { Row: { available: boolean; category: string; created_at: string; description: string; id: string; image_url: string | null; name: string; price: number; }; Insert: { ...; }; Update: { ...; }; Relationships: []; }; order_items: { ...; }; orders: { ...; }; }; Views: {}; Functions: {}; Enums: {}; CompositeTypes: {}; }, { ...; } | ... 1 more ... | { ...; }, "menu_items" | ... 1 more ... | "orders", [] | [...]>', gave the following error.
    Argument of type '"vouchers"' is not assignable to parameter of type '"menu_items" | "order_items" | "orders"'.
  Overload 2 of 2, '(relation: never): PostgrestQueryBuilder<{ PostgrestVersion: "14.5"; }, { Tables: { menu_items: { Row: { available: boolean; category: string; created_at: string; description: string; id: string; image_url: string | null; name: string; price: number; }; Insert: { ...; }; Update: { ...; }; Relationships: []; }; order_items: { ...; }; orders: { ...; }; }; Views: {}; Functions: {}; Enums: {}; CompositeTypes: {}; }, never, never, never>', gave the following error.
    Argument of type '"vouchers"' is not assignable to parameter of type 'never'.
src/components/admin/settings/VoucherManager.tsx(77,43): error TS2769: No overload matches this call.
  Overload 1 of 2, '(relation: "menu_items" | "order_items" | "orders"): PostgrestQueryBuilder<{ PostgrestVersion: "14.5"; }, { Tables: { menu_items: { Row: { available: boolean; category: string; created_at: string; description: string; id: string; image_url: string | null; name: string; price: number; }; Insert: { ...; }; Update: { ...; }; Relationships: []; }; order_items: { ...; }; orders: { ...; }; }; Views: {}; Functions: {}; Enums: {}; CompositeTypes: {}; }, { ...; } | ... 1 more ... | { ...; }, "menu_items" | ... 1 more ... | "orders", [] | [...]>', gave the following error.
    Argument of type '"vouchers"' is not assignable to parameter of type '"menu_items" | "order_items" | "orders"'.
  Overload 2 of 2, '(relation: never): PostgrestQueryBuilder<{ PostgrestVersion: "14.5"; }, { Tables: { menu_items: { Row: { available: boolean; category: string; created_at: string; description: string; id: string; image_url: string | null; name: string; price: number; }; Insert: { ...; }; Update: { ...; }; Relationships: []; }; order_items: { ...; }; orders: { ...; }; }; Views: {}; Functions: {}; Enums: {}; CompositeTypes: {}; }, never, never, never>', gave the following error.
    Argument of type '"vouchers"' is not assignable to parameter of type 'never'.
src/components/admin/settings/VoucherManager.tsx(79,9): error TS2353: Object literal may only specify known properties, and 'code' does not exist in type 'RejectExcessProperties<{ available?: boolean | undefined; category: string; created_at?: string | undefined; description?: string | undefined; id?: string | undefined; image_url?: string | null | undefined; name: string; price: number; } | { ...; } | { ...; }, { ...; } | ... 1 more ... | { ...; }>'.
src/components/admin/settings/WebsiteManager.tsx(20,49): error TS2769: No overload matches this call.
  Overload 1 of 2, '(relation: "menu_items" | "order_items" | "orders"): PostgrestQueryBuilder<{ PostgrestVersion: "14.5"; }, { Tables: { menu_items: { Row: { available: boolean; category: string; created_at: string; description: string; id: string; image_url: string | null; name: string; price: number; }; Insert: { ...; }; Update: { ...; }; Relationships: []; }; order_items: { ...; }; orders: { ...; }; }; Views: {}; Functions: {}; Enums: {}; CompositeTypes: {}; }, { ...; } | ... 1 more ... | { ...; }, "menu_items" | ... 1 more ... | "orders", [] | [...]>', gave the following error.
    Argument of type '"banners"' is not assignable to parameter of type '"menu_items" | "order_items" | "orders"'.
  Overload 2 of 2, '(relation: never): PostgrestQueryBuilder<{ PostgrestVersion: "14.5"; }, { Tables: { menu_items: { Row: { available: boolean; category: string; created_at: string; description: string; id: string; image_url: string | null; name: string; price: number; }; Insert: { ...; }; Update: { ...; }; Relationships: []; }; order_items: { ...; }; orders: { ...; }; }; Views: {}; Functions: {}; Enums: {}; CompositeTypes: {}; }, never, never, never>', gave the following error.
    Argument of type '"banners"' is not assignable to parameter of type 'never'.
src/components/admin/settings/WebsiteManager.tsx(47,52): error TS2769: No overload matches this call.
  Overload 1 of 2, '(relation: "menu_items" | "order_items" | "orders"): PostgrestQueryBuilder<{ PostgrestVersion: "14.5"; }, { Tables: { menu_items: { Row: { available: boolean; category: string; created_at: string; description: string; id: string; image_url: string | null; name: string; price: number; }; Insert: { ...; }; Update: { ...; }; Relationships: []; }; order_items: { ...; }; orders: { ...; }; }; Views: {}; Functions: {}; Enums: {}; CompositeTypes: {}; }, { ...; } | ... 1 more ... | { ...; }, "menu_items" | ... 1 more ... | "orders", [] | [...]>', gave the following error.
    Argument of type '"banners"' is not assignable to parameter of type '"menu_items" | "order_items" | "orders"'.
  Overload 2 of 2, '(relation: never): PostgrestQueryBuilder<{ PostgrestVersion: "14.5"; }, { Tables: { menu_items: { Row: { available: boolean; category: string; created_at: string; description: string; id: string; image_url: string | null; name: string; price: number; }; Insert: { ...; }; Update: { ...; }; Relationships: []; }; order_items: { ...; }; orders: { ...; }; }; Views: {}; Functions: {}; Enums: {}; CompositeTypes: {}; }, never, never, never>', gave the following error.
    Argument of type '"banners"' is not assignable to parameter of type 'never'.
src/components/admin/settings/WebsiteManager.tsx(47,70): error TS2345: Argument of type '{ image_url: string; }' is not assignable to parameter of type 'RejectExcessProperties<{ available?: boolean | undefined; category: string; created_at?: string | undefined; description?: string | undefined; id?: string | undefined; image_url?: string | null | undefined; name: string; price: number; } | { ...; } | { ...; }, { ...; } | ... 1 more ... | { ...; }> | RejectExcessProp...'.
  Type '{ image_url: string; }' is not assignable to type '{ available?: boolean | undefined; category: string; created_at?: string | undefined; description?: string | undefined; id?: string | undefined; image_url?: string | null | undefined; name: string; price: number; } & {}'.
    Type '{ image_url: string; }' is missing the following properties from type '{ available?: boolean | undefined; category: string; created_at?: string | undefined; description?: string | undefined; id?: string | undefined; image_url?: string | null | undefined; name: string; price: number; }': category, name, price
src/components/admin/settings/WebsiteManager.tsx(65,43): error TS2769: No overload matches this call.
  Overload 1 of 2, '(relation: "menu_items" | "order_items" | "orders"): PostgrestQueryBuilder<{ PostgrestVersion: "14.5"; }, { Tables: { menu_items: { Row: { available: boolean; category: string; created_at: string; description: string; id: string; image_url: string | null; name: string; price: number; }; Insert: { ...; }; Update: { ...; }; Relationships: []; }; order_items: { ...; }; orders: { ...; }; }; Views: {}; Functions: {}; Enums: {}; CompositeTypes: {}; }, { ...; } | ... 1 more ... | { ...; }, "menu_items" | ... 1 more ... | "orders", [] | [...]>', gave the following error.
    Argument of type '"banners"' is not assignable to parameter of type '"menu_items" | "order_items" | "orders"'.
  Overload 2 of 2, '(relation: never): PostgrestQueryBuilder<{ PostgrestVersion: "14.5"; }, { Tables: { menu_items: { Row: { available: boolean; category: string; created_at: string; description: string; id: string; image_url: string | null; name: string; price: number; }; Insert: { ...; }; Update: { ...; }; Relationships: []; }; order_items: { ...; }; orders: { ...; }; }; Views: {}; Functions: {}; Enums: {}; CompositeTypes: {}; }, never, never, never>', gave the following error.
    Argument of type '"banners"' is not assignable to parameter of type 'never'.
src/components/delivery/DeliveryEstimation.tsx(22,13): error TS2345: Argument of type '"branch_id"' is not assignable to parameter of type '"id" | "created_at" | "note" | "status" | "table_number" | "total"'.
src/components/home/BerandaHero.tsx(20,44): error TS2769: No overload matches this call.
  Overload 1 of 2, '(relation: "menu_items" | "order_items" | "orders"): PostgrestQueryBuilder<{ PostgrestVersion: "14.5"; }, { Tables: { menu_items: { Row: { available: boolean; category: string; created_at: string; description: string; id: string; image_url: string | null; name: string; price: number; }; Insert: { ...; }; Update: { ...; }; Relationships: []; }; order_items: { ...; }; orders: { ...; }; }; Views: {}; Functions: {}; Enums: {}; CompositeTypes: {}; }, { ...; } | ... 1 more ... | { ...; }, "menu_items" | ... 1 more ... | "orders", [] | [...]>', gave the following error.
    Argument of type '"banners"' is not assignable to parameter of type '"menu_items" | "order_items" | "orders"'.
  Overload 2 of 2, '(relation: never): PostgrestQueryBuilder<{ PostgrestVersion: "14.5"; }, { Tables: { menu_items: { Row: { available: boolean; category: string; created_at: string; description: string; id: string; image_url: string | null; name: string; price: number; }; Insert: { ...; }; Update: { ...; }; Relationships: []; }; order_items: { ...; }; orders: { ...; }; }; Views: {}; Functions: {}; Enums: {}; CompositeTypes: {}; }, never, never, never>', gave the following error.
    Argument of type '"banners"' is not assignable to parameter of type 'never'.
src/components/home/BerandaHero.tsx(22,51): error TS2339: Property 'image_url' does not exist on type '{ available: boolean; category: string; created_at: string; description: string; id: string; image_url: string | null; name: string; price: number; } | { id: string; menu_item_id: string | null; ... 4 more ...; qty: number; } | { ...; }'.
  Property 'image_url' does not exist on type '{ id: string; menu_item_id: string | null; name: string; note: string | null; order_id: string; price: number; qty: number; }'.
src/components/home/BerandaHero.tsx(31,15): error TS2769: No overload matches this call.
  Overload 1 of 2, '(relation: "menu_items" | "order_items" | "orders"): PostgrestQueryBuilder<{ PostgrestVersion: "14.5"; }, { Tables: { menu_items: { Row: { available: boolean; category: string; created_at: string; description: string; id: string; image_url: string | null; name: string; price: number; }; Insert: { ...; }; Update: { ...; }; Relationships: []; }; order_items: { ...; }; orders: { ...; }; }; Views: {}; Functions: {}; Enums: {}; CompositeTypes: {}; }, { ...; } | ... 1 more ... | { ...; }, "menu_items" | ... 1 more ... | "orders", [] | [...]>', gave the following error.
    Argument of type '"notifications"' is not assignable to parameter of type '"menu_items" | "order_items" | "orders"'.
  Overload 2 of 2, '(relation: never): PostgrestQueryBuilder<{ PostgrestVersion: "14.5"; }, { Tables: { menu_items: { Row: { available: boolean; category: string; created_at: string; description: string; id: string; image_url: string | null; name: string; price: number; }; Insert: { ...; }; Update: { ...; }; Relationships: []; }; order_items: { ...; }; orders: { ...; }; }; Views: {}; Functions: {}; Enums: {}; CompositeTypes: {}; }, never, never, never>', gave the following error.
    Argument of type '"notifications"' is not assignable to parameter of type 'never'.
src/components/home/BerandaHero.tsx(33,13): error TS2345: Argument of type '"is_active"' is not assignable to parameter of type '"id"'.
src/components/orders/ReviewModal.tsx(52,45): error TS2769: No overload matches this call.
  Overload 1 of 2, '(relation: "menu_items" | "order_items" | "orders"): PostgrestQueryBuilder<{ PostgrestVersion: "14.5"; }, { Tables: { menu_items: { Row: { available: boolean; category: string; created_at: string; description: string; id: string; image_url: string | null; name: string; price: number; }; Insert: { ...; }; Update: { ...; }; Relationships: []; }; order_items: { ...; }; orders: { ...; }; }; Views: {}; Functions: {}; Enums: {}; CompositeTypes: {}; }, { ...; } | ... 1 more ... | { ...; }, "menu_items" | ... 1 more ... | "orders", [] | [...]>', gave the following error.
    Argument of type '"reviews"' is not assignable to parameter of type '"menu_items" | "order_items" | "orders"'.
  Overload 2 of 2, '(relation: never): PostgrestQueryBuilder<{ PostgrestVersion: "14.5"; }, { Tables: { menu_items: { Row: { available: boolean; category: string; created_at: string; description: string; id: string; image_url: string | null; name: string; price: number; }; Insert: { ...; }; Update: { ...; }; Relationships: []; }; order_items: { ...; }; orders: { ...; }; }; Views: {}; Functions: {}; Enums: {}; CompositeTypes: {}; }, never, never, never>', gave the following error.
    Argument of type '"reviews"' is not assignable to parameter of type 'never'.
src/components/orders/ReviewModal.tsx(54,9): error TS2353: Object literal may only specify known properties, and 'branch_id' does not exist in type 'RejectExcessProperties<{ available?: boolean | undefined; category: string; created_at?: string | undefined; description?: string | undefined; id?: string | undefined; image_url?: string | null | undefined; name: string; price: number; } | { ...; } | { ...; }, { ...; } | ... 1 more ... | { ...; }> | RejectExcessProp...'.
src/components/shared/LocationPicker.tsx(26,19): error TS2769: No overload matches this call.
  Overload 1 of 2, '(relation: "menu_items" | "order_items" | "orders"): PostgrestQueryBuilder<{ PostgrestVersion: "14.5"; }, { Tables: { menu_items: { Row: { available: boolean; category: string; created_at: string; description: string; id: string; image_url: string | null; name: string; price: number; }; Insert: { ...; }; Update: { ...; }; Relationships: []; }; order_items: { ...; }; orders: { ...; }; }; Views: {}; Functions: {}; Enums: {}; CompositeTypes: {}; }, { ...; } | ... 1 more ... | { ...; }, "menu_items" | ... 1 more ... | "orders", [] | [...]>', gave the following error.
    Argument of type '"branches"' is not assignable to parameter of type '"menu_items" | "order_items" | "orders"'.
  Overload 2 of 2, '(relation: never): PostgrestQueryBuilder<{ PostgrestVersion: "14.5"; }, { Tables: { menu_items: { Row: { available: boolean; category: string; created_at: string; description: string; id: string; image_url: string | null; name: string; price: number; }; Insert: { ...; }; Update: { ...; }; Relationships: []; }; order_items: { ...; }; orders: { ...; }; }; Views: {}; Functions: {}; Enums: {}; CompositeTypes: {}; }, never, never, never>', gave the following error.
    Argument of type '"branches"' is not assignable to parameter of type 'never'.
src/components/shared/VoucherPicker.tsx(40,15): error TS2769: No overload matches this call.
  Overload 1 of 2, '(relation: "menu_items" | "order_items" | "orders"): PostgrestQueryBuilder<{ PostgrestVersion: "14.5"; }, { Tables: { menu_items: { Row: { available: boolean; category: string; created_at: string; description: string; id: string; image_url: string | null; name: string; price: number; }; Insert: { ...; }; Update: { ...; }; Relationships: []; }; order_items: { ...; }; orders: { ...; }; }; Views: {}; Functions: {}; Enums: {}; CompositeTypes: {}; }, { ...; } | ... 1 more ... | { ...; }, "menu_items" | ... 1 more ... | "orders", [] | [...]>', gave the following error.
    Argument of type '"vouchers"' is not assignable to parameter of type '"menu_items" | "order_items" | "orders"'.
  Overload 2 of 2, '(relation: never): PostgrestQueryBuilder<{ PostgrestVersion: "14.5"; }, { Tables: { menu_items: { Row: { available: boolean; category: string; created_at: string; description: string; id: string; image_url: string | null; name: string; price: number; }; Insert: { ...; }; Update: { ...; }; Relationships: []; }; order_items: { ...; }; orders: { ...; }; }; Views: {}; Functions: {}; Enums: {}; CompositeTypes: {}; }, never, never, never>', gave the following error.
    Argument of type '"vouchers"' is not assignable to parameter of type 'never'.
src/components/shared/VoucherPicker.tsx(42,13): error TS2345: Argument of type '"is_active"' is not assignable to parameter of type '"id"'.
src/components/shared/VoucherPicker.tsx(47,58): error TS2352: Conversion of type '({ available: boolean; category: string; created_at: string; description: string; id: string; image_url: string | null; name: string; price: number; } | { id: string; menu_item_id: string | null; ... 4 more ...; qty: number; } | { ...; })[]' to type 'Voucher[]' may be a mistake because neither type sufficiently overlaps with the other. If this was intentional, convert the expression to 'unknown' first.
  Type '{ available: boolean; category: string; created_at: string; description: string; id: string; image_url: string | null; name: string; price: number; } | { id: string; menu_item_id: string | null; ... 4 more ...; qty: number; } | { ...; }' is not comparable to type 'Voucher'.
    Type '{ created_at: string; id: string; note: string | null; status: string; table_number: number; total: number; }' is missing the following properties from type 'Voucher': code, title, discount_type, discount_amount, min_order_amount
src/components/shared/VoucherPicker.tsx(47,81): error TS2352: Conversion of type '({ available: boolean; category: string; created_at: string; description: string; id: string; image_url: string | null; name: string; price: number; } | { id: string; menu_item_id: string | null; ... 4 more ...; qty: number; } | { ...; })[]' to type 'Voucher[]' may be a mistake because neither type sufficiently overlaps with the other. If this was intentional, convert the expression to 'unknown' first.
  Type '{ available: boolean; category: string; created_at: string; description: string; id: string; image_url: string | null; name: string; price: number; } | { id: string; menu_item_id: string | null; ... 4 more ...; qty: number; } | { ...; }' is not comparable to type 'Voucher'.
    Type '{ created_at: string; id: string; note: string | null; status: string; table_number: number; total: number; }' is missing the following properties from type 'Voucher': code, title, discount_type, discount_amount, min_order_amount
src/hooks/useAuth.ts(25,17): error TS2769: No overload matches this call.
  Overload 1 of 2, '(relation: "menu_items" | "order_items" | "orders"): PostgrestQueryBuilder<{ PostgrestVersion: "14.5"; }, { Tables: { menu_items: { Row: { available: boolean; category: string; created_at: string; description: string; id: string; image_url: string | null; name: string; price: number; }; Insert: { ...; }; Update: { ...; }; Relationships: []; }; order_items: { ...; }; orders: { ...; }; }; Views: {}; Functions: {}; Enums: {}; CompositeTypes: {}; }, { ...; } | ... 1 more ... | { ...; }, "menu_items" | ... 1 more ... | "orders", [] | [...]>', gave the following error.
    Argument of type '"profiles"' is not assignable to parameter of type '"menu_items" | "order_items" | "orders"'.
  Overload 2 of 2, '(relation: never): PostgrestQueryBuilder<{ PostgrestVersion: "14.5"; }, { Tables: { menu_items: { Row: { available: boolean; category: string; created_at: string; description: string; id: string; image_url: string | null; name: string; price: number; }; Insert: { ...; }; Update: { ...; }; Relationships: []; }; order_items: { ...; }; orders: { ...; }; }; Views: {}; Functions: {}; Enums: {}; CompositeTypes: {}; }, never, never, never>', gave the following error.
    Argument of type '"profiles"' is not assignable to parameter of type 'never'.
src/hooks/useAuth.ts(27,15): error TS2345: Argument of type '"phone"' is not assignable to parameter of type '"id"'.
src/hooks/useAuth.ts(32,48): error TS2339: Property 'phone' does not exist on type '{ available: boolean; category: string; created_at: string; description: string; id: string; image_url: string | null; name: string; price: number; } | { id: string; menu_item_id: string | null; ... 4 more ...; qty: number; } | { ...; }'.
  Property 'phone' does not exist on type '{ available: boolean; category: string; created_at: string; description: string; id: string; image_url: string | null; name: string; price: number; }'.
src/hooks/useAuth.ts(32,69): error TS2339: Property 'name' does not exist on type '{ available: boolean; category: string; created_at: string; description: string; id: string; image_url: string | null; name: string; price: number; } | { id: string; menu_item_id: string | null; ... 4 more ...; qty: number; } | { ...; }'.
  Property 'name' does not exist on type '{ created_at: string; id: string; note: string | null; status: string; table_number: number; total: number; }'.
src/hooks/useAuth.ts(32,95): error TS2339: Property 'avatar_url' does not exist on type '{ available: boolean; category: string; created_at: string; description: string; id: string; image_url: string | null; name: string; price: number; } | { id: string; menu_item_id: string | null; ... 4 more ...; qty: number; } | { ...; }'.
  Property 'avatar_url' does not exist on type '{ available: boolean; category: string; created_at: string; description: string; id: string; image_url: string | null; name: string; price: number; }'.
src/hooks/useAuth.ts(46,15): error TS2769: No overload matches this call.
  Overload 1 of 2, '(relation: "menu_items" | "order_items" | "orders"): PostgrestQueryBuilder<{ PostgrestVersion: "14.5"; }, { Tables: { menu_items: { Row: { available: boolean; category: string; created_at: string; description: string; id: string; image_url: string | null; name: string; price: number; }; Insert: { ...; }; Update: { ...; }; Relationships: []; }; order_items: { ...; }; orders: { ...; }; }; Views: {}; Functions: {}; Enums: {}; CompositeTypes: {}; }, { ...; } | ... 1 more ... | { ...; }, "menu_items" | ... 1 more ... | "orders", [] | [...]>', gave the following error.
    Argument of type '"profiles"' is not assignable to parameter of type '"menu_items" | "order_items" | "orders"'.
  Overload 2 of 2, '(relation: never): PostgrestQueryBuilder<{ PostgrestVersion: "14.5"; }, { Tables: { menu_items: { Row: { available: boolean; category: string; created_at: string; description: string; id: string; image_url: string | null; name: string; price: number; }; Insert: { ...; }; Update: { ...; }; Relationships: []; }; order_items: { ...; }; orders: { ...; }; }; Views: {}; Functions: {}; Enums: {}; CompositeTypes: {}; }, never, never, never>', gave the following error.
    Argument of type '"profiles"' is not assignable to parameter of type 'never'.
src/hooks/useAuth.ts(48,13): error TS2345: Argument of type '"phone"' is not assignable to parameter of type '"id"'.
src/hooks/useAuth.ts(58,49): error TS2339: Property 'name' does not exist on type 'SelectQueryError<"column 'name' does not exist on 'menu_items'."> | SelectQueryError<"column 'name' does not exist on 'order_items'."> | SelectQueryError<...>'.
  Property 'name' does not exist on type 'SelectQueryError<"column 'name' does not exist on 'menu_items'.">'.
src/hooks/useAuth.ts(69,15): error TS2769: No overload matches this call.
  Overload 1 of 2, '(relation: "menu_items" | "order_items" | "orders"): PostgrestQueryBuilder<{ PostgrestVersion: "14.5"; }, { Tables: { menu_items: { Row: { available: boolean; category: string; created_at: string; description: string; id: string; image_url: string | null; name: string; price: number; }; Insert: { ...; }; Update: { ...; }; Relationships: []; }; order_items: { ...; }; orders: { ...; }; }; Views: {}; Functions: {}; Enums: {}; CompositeTypes: {}; }, { ...; } | ... 1 more ... | { ...; }, "menu_items" | ... 1 more ... | "orders", [] | [...]>', gave the following error.
    Argument of type '"profiles"' is not assignable to parameter of type '"menu_items" | "order_items" | "orders"'.
  Overload 2 of 2, '(relation: never): PostgrestQueryBuilder<{ PostgrestVersion: "14.5"; }, { Tables: { menu_items: { Row: { available: boolean; category: string; created_at: string; description: string; id: string; image_url: string | null; name: string; price: number; }; Insert: { ...; }; Update: { ...; }; Relationships: []; }; order_items: { ...; }; orders: { ...; }; }; Views: {}; Functions: {}; Enums: {}; CompositeTypes: {}; }, never, never, never>', gave the following error.
    Argument of type '"profiles"' is not assignable to parameter of type 'never'.
src/hooks/useAuth.ts(71,13): error TS2345: Argument of type '"phone"' is not assignable to parameter of type '"id"'.
src/hooks/useAuth.ts(72,13): error TS2345: Argument of type '"pin"' is not assignable to parameter of type '"id"'.
src/hooks/useAuth.ts(80,42): error TS2339: Property 'phone' does not exist on type '{ available: boolean; category: string; created_at: string; description: string; id: string; image_url: string | null; name: string; price: number; } | { id: string; menu_item_id: string | null; ... 4 more ...; qty: number; } | { ...; }'.
  Property 'phone' does not exist on type '{ available: boolean; category: string; created_at: string; description: string; id: string; image_url: string | null; name: string; price: number; }'.
src/hooks/useAuth.ts(80,63): error TS2339: Property 'name' does not exist on type '{ available: boolean; category: string; created_at: string; description: string; id: string; image_url: string | null; name: string; price: number; } | { id: string; menu_item_id: string | null; ... 4 more ...; qty: number; } | { ...; }'.
  Property 'name' does not exist on type '{ created_at: string; id: string; note: string | null; status: string; table_number: number; total: number; }'.
src/hooks/useAuth.ts(80,89): error TS2339: Property 'avatar_url' does not exist on type '{ available: boolean; category: string; created_at: string; description: string; id: string; image_url: string | null; name: string; price: number; } | { id: string; menu_item_id: string | null; ... 4 more ...; qty: number; } | { ...; }'.
  Property 'avatar_url' does not exist on type '{ available: boolean; category: string; created_at: string; description: string; id: string; image_url: string | null; name: string; price: number; }'.
src/hooks/useAuth.ts(92,15): error TS2769: No overload matches this call.
  Overload 1 of 2, '(relation: "menu_items" | "order_items" | "orders"): PostgrestQueryBuilder<{ PostgrestVersion: "14.5"; }, { Tables: { menu_items: { Row: { available: boolean; category: string; created_at: string; description: string; id: string; image_url: string | null; name: string; price: number; }; Insert: { ...; }; Update: { ...; }; Relationships: []; }; order_items: { ...; }; orders: { ...; }; }; Views: {}; Functions: {}; Enums: {}; CompositeTypes: {}; }, { ...; } | ... 1 more ... | { ...; }, "menu_items" | ... 1 more ... | "orders", [] | [...]>', gave the following error.
    Argument of type '"profiles"' is not assignable to parameter of type '"menu_items" | "order_items" | "orders"'.
  Overload 2 of 2, '(relation: never): PostgrestQueryBuilder<{ PostgrestVersion: "14.5"; }, { Tables: { menu_items: { Row: { available: boolean; category: string; created_at: string; description: string; id: string; image_url: string | null; name: string; price: number; }; Insert: { ...; }; Update: { ...; }; Relationships: []; }; order_items: { ...; }; orders: { ...; }; }; Views: {}; Functions: {}; Enums: {}; CompositeTypes: {}; }, never, never, never>', gave the following error.
    Argument of type '"profiles"' is not assignable to parameter of type 'never'.
src/hooks/useAuth.ts(93,20): error TS2353: Object literal may only specify known properties, and 'phone' does not exist in type 'RejectExcessProperties<{ available?: boolean | undefined; category: string; created_at?: string | undefined; description?: string | undefined; id?: string | undefined; image_url?: string | null | undefined; name: string; price: number; } | { ...; } | { ...; }, { ...; } | ... 1 more ... | { ...; }>'.
src/hooks/useAuth.ts(107,42): error TS2339: Property 'phone' does not exist on type '{ available: boolean; category: string; created_at: string; description: string; id: string; image_url: string | null; name: string; price: number; } | { id: string; menu_item_id: string | null; ... 4 more ...; qty: number; } | { ...; }'.
  Property 'phone' does not exist on type '{ available: boolean; category: string; created_at: string; description: string; id: string; image_url: string | null; name: string; price: number; }'.
src/hooks/useAuth.ts(107,63): error TS2339: Property 'name' does not exist on type '{ available: boolean; category: string; created_at: string; description: string; id: string; image_url: string | null; name: string; price: number; } | { id: string; menu_item_id: string | null; ... 4 more ...; qty: number; } | { ...; }'.
  Property 'name' does not exist on type '{ created_at: string; id: string; note: string | null; status: string; table_number: number; total: number; }'.
src/hooks/useAuth.ts(107,89): error TS2339: Property 'avatar_url' does not exist on type '{ available: boolean; category: string; created_at: string; description: string; id: string; image_url: string | null; name: string; price: number; } | { id: string; menu_item_id: string | null; ... 4 more ...; qty: number; } | { ...; }'.
  Property 'avatar_url' does not exist on type '{ available: boolean; category: string; created_at: string; description: string; id: string; image_url: string | null; name: string; price: number; }'.
src/hooks/useAuth.ts(124,13): error TS2769: No overload matches this call.
  Overload 1 of 2, '(relation: "menu_items" | "order_items" | "orders"): PostgrestQueryBuilder<{ PostgrestVersion: "14.5"; }, { Tables: { menu_items: { Row: { available: boolean; category: string; created_at: string; description: string; id: string; image_url: string | null; name: string; price: number; }; Insert: { ...; }; Update: { ...; }; Relationships: []; }; order_items: { ...; }; orders: { ...; }; }; Views: {}; Functions: {}; Enums: {}; CompositeTypes: {}; }, { ...; } | ... 1 more ... | { ...; }, "menu_items" | ... 1 more ... | "orders", [] | [...]>', gave the following error.
    Argument of type '"profiles"' is not assignable to parameter of type '"menu_items" | "order_items" | "orders"'.
  Overload 2 of 2, '(relation: never): PostgrestQueryBuilder<{ PostgrestVersion: "14.5"; }, { Tables: { menu_items: { Row: { available: boolean; category: string; created_at: string; description: string; id: string; image_url: string | null; name: string; price: number; }; Insert: { ...; }; Update: { ...; }; Relationships: []; }; order_items: { ...; }; orders: { ...; }; }; Views: {}; Functions: {}; Enums: {}; CompositeTypes: {}; }, never, never, never>', gave the following error.
    Argument of type '"profiles"' is not assignable to parameter of type 'never'.
src/hooks/useAuth.ts(125,15): error TS2345: Argument of type 'Partial<User>' is not assignable to parameter of type 'RejectExcessProperties<{ available?: boolean | undefined; category?: string | undefined; created_at?: string | undefined; description?: string | undefined; id?: string | undefined; image_url?: string | null | undefined; name?: string | undefined; price?: number | undefined; } | { ...; } | { ...; }, Partial<...>>'.
  Type 'Partial<User>' is not assignable to type '{ name: never; phone: never; pin: never; avatar_url: never; }'.
    Types of property 'name' are incompatible.
      Type 'string | undefined' is not assignable to type 'never'.
        Type 'undefined' is not assignable to type 'never'.
src/hooks/useAuth.ts(126,11): error TS2345: Argument of type '"phone"' is not assignable to parameter of type '"id"'.
src/hooks/useAuth.ts(144,13): error TS2769: No overload matches this call.
  Overload 1 of 2, '(relation: "menu_items" | "order_items" | "orders"): PostgrestQueryBuilder<{ PostgrestVersion: "14.5"; }, { Tables: { menu_items: { Row: { available: boolean; category: string; created_at: string; description: string; id: string; image_url: string | null; name: string; price: number; }; Insert: { ...; }; Update: { ...; }; Relationships: []; }; order_items: { ...; }; orders: { ...; }; }; Views: {}; Functions: {}; Enums: {}; CompositeTypes: {}; }, { ...; } | ... 1 more ... | { ...; }, "menu_items" | ... 1 more ... | "orders", [] | [...]>', gave the following error.
    Argument of type '"profiles"' is not assignable to parameter of type '"menu_items" | "order_items" | "orders"'.
  Overload 2 of 2, '(relation: never): PostgrestQueryBuilder<{ PostgrestVersion: "14.5"; }, { Tables: { menu_items: { Row: { available: boolean; category: string; created_at: string; description: string; id: string; image_url: string | null; name: string; price: number; }; Insert: { ...; }; Update: { ...; }; Relationships: []; }; order_items: { ...; }; orders: { ...; }; }; Views: {}; Functions: {}; Enums: {}; CompositeTypes: {}; }, never, never, never>', gave the following error.
    Argument of type '"profiles"' is not assignable to parameter of type 'never'.
src/hooks/useAuth.ts(146,11): error TS2345: Argument of type '"phone"' is not assignable to parameter of type '"id"'.
src/hooks/useAuth.ts(147,11): error TS2345: Argument of type '"pin"' is not assignable to parameter of type '"id"'.
src/hooks/useAuth.ts(156,13): error TS2769: No overload matches this call.
  Overload 1 of 2, '(relation: "menu_items" | "order_items" | "orders"): PostgrestQueryBuilder<{ PostgrestVersion: "14.5"; }, { Tables: { menu_items: { Row: { available: boolean; category: string; created_at: string; description: string; id: string; image_url: string | null; name: string; price: number; }; Insert: { ...; }; Update: { ...; }; Relationships: []; }; order_items: { ...; }; orders: { ...; }; }; Views: {}; Functions: {}; Enums: {}; CompositeTypes: {}; }, { ...; } | ... 1 more ... | { ...; }, "menu_items" | ... 1 more ... | "orders", [] | [...]>', gave the following error.
    Argument of type '"profiles"' is not assignable to parameter of type '"menu_items" | "order_items" | "orders"'.
  Overload 2 of 2, '(relation: never): PostgrestQueryBuilder<{ PostgrestVersion: "14.5"; }, { Tables: { menu_items: { Row: { available: boolean; category: string; created_at: string; description: string; id: string; image_url: string | null; name: string; price: number; }; Insert: { ...; }; Update: { ...; }; Relationships: []; }; order_items: { ...; }; orders: { ...; }; }; Views: {}; Functions: {}; Enums: {}; CompositeTypes: {}; }, never, never, never>', gave the following error.
    Argument of type '"profiles"' is not assignable to parameter of type 'never'.
src/hooks/useAuth.ts(157,17): error TS2353: Object literal may only specify known properties, and 'pin' does not exist in type 'RejectExcessProperties<{ available?: boolean | undefined; category?: string | undefined; created_at?: string | undefined; description?: string | undefined; id?: string | undefined; image_url?: string | null | undefined; name?: string | undefined; price?: number | undefined; } | { ...; } | { ...; }, { ...; } | ... 1 ...'.
src/hooks/useAuth.ts(158,11): error TS2345: Argument of type '"phone"' is not assignable to parameter of type '"id"'.
src/hooks/useAuth.ts(172,13): error TS2769: No overload matches this call.
  Overload 1 of 2, '(relation: "menu_items" | "order_items" | "orders"): PostgrestQueryBuilder<{ PostgrestVersion: "14.5"; }, { Tables: { menu_items: { Row: { available: boolean; category: string; created_at: string; description: string; id: string; image_url: string | null; name: string; price: number; }; Insert: { ...; }; Update: { ...; }; Relationships: []; }; order_items: { ...; }; orders: { ...; }; }; Views: {}; Functions: {}; Enums: {}; CompositeTypes: {}; }, { ...; } | ... 1 more ... | { ...; }, "menu_items" | ... 1 more ... | "orders", [] | [...]>', gave the following error.
    Argument of type '"profiles"' is not assignable to parameter of type '"menu_items" | "order_items" | "orders"'.
  Overload 2 of 2, '(relation: never): PostgrestQueryBuilder<{ PostgrestVersion: "14.5"; }, { Tables: { menu_items: { Row: { available: boolean; category: string; created_at: string; description: string; id: string; image_url: string | null; name: string; price: number; }; Insert: { ...; }; Update: { ...; }; Relationships: []; }; order_items: { ...; }; orders: { ...; }; }; Views: {}; Functions: {}; Enums: {}; CompositeTypes: {}; }, never, never, never>', gave the following error.
    Argument of type '"profiles"' is not assignable to parameter of type 'never'.
src/hooks/useAuth.ts(174,11): error TS2345: Argument of type '"phone"' is not assignable to parameter of type '"id"'.
src/hooks/useNearestBranch.ts(12,15): error TS2769: No overload matches this call.
  Overload 1 of 2, '(relation: "menu_items" | "order_items" | "orders"): PostgrestQueryBuilder<{ PostgrestVersion: "14.5"; }, { Tables: { menu_items: { Row: { available: boolean; category: string; created_at: string; description: string; id: string; image_url: string | null; name: string; price: number; }; Insert: { ...; }; Update: { ...; }; Relationships: []; }; order_items: { ...; }; orders: { ...; }; }; Views: {}; Functions: {}; Enums: {}; CompositeTypes: {}; }, { ...; } | ... 1 more ... | { ...; }, "menu_items" | ... 1 more ... | "orders", [] | [...]>', gave the following error.
    Argument of type '"branches"' is not assignable to parameter of type '"menu_items" | "order_items" | "orders"'.
  Overload 2 of 2, '(relation: never): PostgrestQueryBuilder<{ PostgrestVersion: "14.5"; }, { Tables: { menu_items: { Row: { available: boolean; category: string; created_at: string; description: string; id: string; image_url: string | null; name: string; price: number; }; Insert: { ...; }; Update: { ...; }; Relationships: []; }; order_items: { ...; }; orders: { ...; }; }; Views: {}; Functions: {}; Enums: {}; CompositeTypes: {}; }, never, never, never>', gave the following error.
    Argument of type '"branches"' is not assignable to parameter of type 'never'.
src/hooks/useNearestBranch.ts(20,16): error TS2352: Conversion of type '({ available: boolean; category: string; created_at: string; description: string; id: string; image_url: string | null; name: string; price: number; } | { id: string; menu_item_id: string | null; ... 4 more ...; qty: number; } | { ...; })[]' to type 'Branch[]' may be a mistake because neither type sufficiently overlaps with the other. If this was intentional, convert the expression to 'unknown' first.
  Type '{ available: boolean; category: string; created_at: string; description: string; id: string; image_url: string | null; name: string; price: number; } | { id: string; menu_item_id: string | null; ... 4 more ...; qty: number; } | { ...; }' is not comparable to type 'Branch'.
    Type '{ created_at: string; id: string; note: string | null; status: string; table_number: number; total: number; }' is missing the following properties from type 'Branch': name, slug, address, latitude, and 4 more.
src/hooks/useNearestBranch.ts(24,37): error TS2352: Conversion of type '({ available: boolean; category: string; created_at: string; description: string; id: string; image_url: string | null; name: string; price: number; } | { id: string; menu_item_id: string | null; ... 4 more ...; qty: number; } | { ...; })[]' to type 'Branch[]' may be a mistake because neither type sufficiently overlaps with the other. If this was intentional, convert the expression to 'unknown' first.
  Type '{ available: boolean; category: string; created_at: string; description: string; id: string; image_url: string | null; name: string; price: number; } | { id: string; menu_item_id: string | null; ... 4 more ...; qty: number; } | { ...; }' is not comparable to type 'Branch'.
    Type '{ created_at: string; id: string; note: string | null; status: string; table_number: number; total: number; }' is missing the following properties from type 'Branch': name, slug, address, latitude, and 4 more.
src/hooks/useOrders.ts(29,15): error TS2345: Argument of type '"customer_phone"' is not assignable to parameter of type '"id" | "created_at" | "note" | "status" | "table_number" | "total"'.
src/hooks/useOrders.ts(33,19): error TS2345: Argument of type '{ created_at: string; id: string; note: string | null; status: string; table_number: number; total: number; order_items: { id: string; menu_item_id: string | null; name: string; note: string | null; order_id: string; price: number; qty: number; menu_items: { ...; } | null; }[]; branches: SelectQueryError<...>; }[]' is not assignable to parameter of type 'SetStateAction<Order[]>'.
  Type '{ created_at: string; id: string; note: string | null; status: string; table_number: number; total: number; order_items: { id: string; menu_item_id: string | null; name: string; note: string | null; order_id: string; price: number; qty: number; menu_items: { ...; } | null; }[]; branches: SelectQueryError<...>; }[]' is not assignable to type 'Order[]'.
    Property 'order_type' is missing in type '{ created_at: string; id: string; note: string | null; status: string; table_number: number; total: number; order_items: { id: string; menu_item_id: string | null; name: string; note: string | null; order_id: string; price: number; qty: number; menu_items: { ...; } | null; }[]; branches: SelectQueryError<...>; }' but required in type 'Order'.
src/routes/_authenticated/admin.finance.tsx(49,58): error TS2769: No overload matches this call.
  Overload 1 of 2, '(relation: "menu_items" | "order_items" | "orders"): PostgrestQueryBuilder<{ PostgrestVersion: "14.5"; }, { Tables: { menu_items: { Row: { available: boolean; category: string; created_at: string; description: string; id: string; image_url: string | null; name: string; price: number; }; Insert: { ...; }; Update: { ...; }; Relationships: []; }; order_items: { ...; }; orders: { ...; }; }; Views: {}; Functions: {}; Enums: {}; CompositeTypes: {}; }, { ...; } | ... 1 more ... | { ...; }, "menu_items" | ... 1 more ... | "orders", [] | [...]>', gave the following error.
    Argument of type '"branches"' is not assignable to parameter of type '"menu_items" | "order_items" | "orders"'.
  Overload 2 of 2, '(relation: never): PostgrestQueryBuilder<{ PostgrestVersion: "14.5"; }, { Tables: { menu_items: { Row: { available: boolean; category: string; created_at: string; description: string; id: string; image_url: string | null; name: string; price: number; }; Insert: { ...; }; Update: { ...; }; Relationships: []; }; order_items: { ...; }; orders: { ...; }; }; Views: {}; Functions: {}; Enums: {}; CompositeTypes: {}; }, never, never, never>', gave the following error.
    Argument of type '"branches"' is not assignable to parameter of type 'never'.
src/routes/_authenticated/admin.index.tsx(25,19): error TS2769: No overload matches this call.
  Overload 1 of 2, '(relation: "menu_items" | "order_items" | "orders"): PostgrestQueryBuilder<{ PostgrestVersion: "14.5"; }, { Tables: { menu_items: { Row: { available: boolean; category: string; created_at: string; description: string; id: string; image_url: string | null; name: string; price: number; }; Insert: { ...; }; Update: { ...; }; Relationships: []; }; order_items: { ...; }; orders: { ...; }; }; Views: {}; Functions: {}; Enums: {}; CompositeTypes: {}; }, { ...; } | ... 1 more ... | { ...; }, "menu_items" | ... 1 more ... | "orders", [] | [...]>', gave the following error.
    Argument of type '"branches"' is not assignable to parameter of type '"menu_items" | "order_items" | "orders"'.
  Overload 2 of 2, '(relation: never): PostgrestQueryBuilder<{ PostgrestVersion: "14.5"; }, { Tables: { menu_items: { Row: { available: boolean; category: string; created_at: string; description: string; id: string; image_url: string | null; name: string; price: number; }; Insert: { ...; }; Update: { ...; }; Relationships: []; }; order_items: { ...; }; orders: { ...; }; }; Views: {}; Functions: {}; Enums: {}; CompositeTypes: {}; }, never, never, never>', gave the following error.
    Argument of type '"branches"' is not assignable to parameter of type 'never'.
src/routes/_authenticated/admin.index.tsx(93,43): error TS2769: No overload matches this call.
  Overload 1 of 2, '(relation: "menu_items" | "order_items" | "orders"): PostgrestQueryBuilder<{ PostgrestVersion: "14.5"; }, { Tables: { menu_items: { Row: { available: boolean; category: string; created_at: string; description: string; id: string; image_url: string | null; name: string; price: number; }; Insert: { ...; }; Update: { ...; }; Relationships: []; }; order_items: { ...; }; orders: { ...; }; }; Views: {}; Functions: {}; Enums: {}; CompositeTypes: {}; }, { ...; } | ... 1 more ... | { ...; }, "menu_items" | ... 1 more ... | "orders", [] | [...]>', gave the following error.
    Argument of type '"branches"' is not assignable to parameter of type '"menu_items" | "order_items" | "orders"'.
  Overload 2 of 2, '(relation: never): PostgrestQueryBuilder<{ PostgrestVersion: "14.5"; }, { Tables: { menu_items: { Row: { available: boolean; category: string; created_at: string; description: string; id: string; image_url: string | null; name: string; price: number; }; Insert: { ...; }; Update: { ...; }; Relationships: []; }; order_items: { ...; }; orders: { ...; }; }; Views: {}; Functions: {}; Enums: {}; CompositeTypes: {}; }, never, never, never>', gave the following error.
    Argument of type '"branches"' is not assignable to parameter of type 'never'.
src/routes/_authenticated/admin.index.tsx(93,64): error TS2353: Object literal may only specify known properties, and 'is_active' does not exist in type 'RejectExcessProperties<{ available?: boolean | undefined; category?: string | undefined; created_at?: string | undefined; description?: string | undefined; id?: string | undefined; image_url?: string | null | undefined; name?: string | undefined; price?: number | undefined; } | { ...; } | { ...; }, { ...; } | ... 1 ...'.
src/routes/_authenticated/admin.index.tsx(93,91): error TS2345: Argument of type '"slug"' is not assignable to parameter of type '"id"'.
src/routes/delivery.tsx(54,56): error TS2769: No overload matches this call.
  Overload 1 of 2, '(relation: "menu_items" | "order_items" | "orders"): PostgrestQueryBuilder<{ PostgrestVersion: "14.5"; }, { Tables: { menu_items: { Row: { available: boolean; category: string; created_at: string; description: string; id: string; image_url: string | null; name: string; price: number; }; Insert: { ...; }; Update: { ...; }; Relationships: []; }; order_items: { ...; }; orders: { ...; }; }; Views: {}; Functions: {}; Enums: {}; CompositeTypes: {}; }, { ...; } | ... 1 more ... | { ...; }, "menu_items" | ... 1 more ... | "orders", [] | [...]>', gave the following error.
    Argument of type '"branches"' is not assignable to parameter of type '"menu_items" | "order_items" | "orders"'.
  Overload 2 of 2, '(relation: never): PostgrestQueryBuilder<{ PostgrestVersion: "14.5"; }, { Tables: { menu_items: { Row: { available: boolean; category: string; created_at: string; description: string; id: string; image_url: string | null; name: string; price: number; }; Insert: { ...; }; Update: { ...; }; Relationships: []; }; order_items: { ...; }; orders: { ...; }; }; Views: {}; Functions: {}; Enums: {}; CompositeTypes: {}; }, never, never, never>', gave the following error.
    Argument of type '"branches"' is not assignable to parameter of type 'never'.
src/routes/delivery.tsx(54,84): error TS2345: Argument of type '"slug"' is not assignable to parameter of type '"id"'.
src/routes/delivery.tsx(108,57): error TS2769: No overload matches this call.
  Overload 1 of 2, '(relation: "menu_items" | "order_items" | "orders"): PostgrestQueryBuilder<{ PostgrestVersion: "14.5"; }, { Tables: { menu_items: { Row: { available: boolean; category: string; created_at: string; description: string; id: string; image_url: string | null; name: string; price: number; }; Insert: { ...; }; Update: { ...; }; Relationships: []; }; order_items: { ...; }; orders: { ...; }; }; Views: {}; Functions: {}; Enums: {}; CompositeTypes: {}; }, { ...; } | ... 1 more ... | { ...; }, "menu_items" | ... 1 more ... | "orders", [] | [...]>', gave the following error.
    Argument of type '"profiles"' is not assignable to parameter of type '"menu_items" | "order_items" | "orders"'.
  Overload 2 of 2, '(relation: never): PostgrestQueryBuilder<{ PostgrestVersion: "14.5"; }, { Tables: { menu_items: { Row: { available: boolean; category: string; created_at: string; description: string; id: string; image_url: string | null; name: string; price: number; }; Insert: { ...; }; Update: { ...; }; Relationships: []; }; order_items: { ...; }; orders: { ...; }; }; Views: {}; Functions: {}; Enums: {}; CompositeTypes: {}; }, never, never, never>', gave the following error.
    Argument of type '"profiles"' is not assignable to parameter of type 'never'.
src/routes/delivery.tsx(108,96): error TS2345: Argument of type '"phone"' is not assignable to parameter of type '"id"'.
src/routes/delivery.tsx(111,33): error TS2769: No overload matches this call.
  Overload 1 of 2, '(relation: "menu_items" | "order_items" | "orders"): PostgrestQueryBuilder<{ PostgrestVersion: "14.5"; }, { Tables: { menu_items: { Row: { available: boolean; category: string; created_at: string; description: string; id: string; image_url: string | null; name: string; price: number; }; Insert: { ...; }; Update: { ...; }; Relationships: []; }; order_items: { ...; }; orders: { ...; }; }; Views: {}; Functions: {}; Enums: {}; CompositeTypes: {}; }, { ...; } | ... 1 more ... | { ...; }, "menu_items" | ... 1 more ... | "orders", [] | [...]>', gave the following error.
    Argument of type '"profiles"' is not assignable to parameter of type '"menu_items" | "order_items" | "orders"'.
  Overload 2 of 2, '(relation: never): PostgrestQueryBuilder<{ PostgrestVersion: "14.5"; }, { Tables: { menu_items: { Row: { available: boolean; category: string; created_at: string; description: string; id: string; image_url: string | null; name: string; price: number; }; Insert: { ...; }; Update: { ...; }; Relationships: []; }; order_items: { ...; }; orders: { ...; }; }; Views: {}; Functions: {}; Enums: {}; CompositeTypes: {}; }, never, never, never>', gave the following error.
    Argument of type '"profiles"' is not assignable to parameter of type 'never'.
src/routes/delivery.tsx(111,54): error TS2353: Object literal may only specify known properties, and 'points' does not exist in type 'RejectExcessProperties<{ available?: boolean | undefined; category?: string | undefined; created_at?: string | undefined; description?: string | undefined; id?: string | undefined; image_url?: string | null | undefined; name?: string | undefined; price?: number | undefined; } | { ...; } | { ...; }, { ...; } | ... 1 ...'.
src/routes/delivery.tsx(111,71): error TS2339: Property 'points' does not exist on type 'SelectQueryError<"column 'points' does not exist on 'menu_items'."> | SelectQueryError<"column 'points' does not exist on 'order_items'."> | SelectQueryError<...>'.
  Property 'points' does not exist on type 'SelectQueryError<"column 'points' does not exist on 'menu_items'.">'.
src/routes/delivery.tsx(111,104): error TS2345: Argument of type '"phone"' is not assignable to parameter of type '"id"'.
src/routes/index.tsx(31,21): error TS2769: No overload matches this call.
  Overload 1 of 2, '(relation: "menu_items" | "order_items" | "orders"): PostgrestQueryBuilder<{ PostgrestVersion: "14.5"; }, { Tables: { menu_items: { Row: { available: boolean; category: string; created_at: string; description: string; id: string; image_url: string | null; name: string; price: number; }; Insert: { ...; }; Update: { ...; }; Relationships: []; }; order_items: { ...; }; orders: { ...; }; }; Views: {}; Functions: {}; Enums: {}; CompositeTypes: {}; }, { ...; } | ... 1 more ... | { ...; }, "menu_items" | ... 1 more ... | "orders", [] | [...]>', gave the following error.
    Argument of type '"profiles"' is not assignable to parameter of type '"menu_items" | "order_items" | "orders"'.
  Overload 2 of 2, '(relation: never): PostgrestQueryBuilder<{ PostgrestVersion: "14.5"; }, { Tables: { menu_items: { Row: { available: boolean; category: string; created_at: string; description: string; id: string; image_url: string | null; name: string; price: number; }; Insert: { ...; }; Update: { ...; }; Relationships: []; }; order_items: { ...; }; orders: { ...; }; }; Views: {}; Functions: {}; Enums: {}; CompositeTypes: {}; }, never, never, never>', gave the following error.
    Argument of type '"profiles"' is not assignable to parameter of type 'never'.
src/routes/index.tsx(31,53): error TS2345: Argument of type '"phone"' is not assignable to parameter of type '"id"'.
src/routes/index.tsx(32,34): error TS2339: Property 'points' does not exist on type 'SelectQueryError<"column 'points' does not exist on 'menu_items'."> | SelectQueryError<"column 'points' does not exist on 'order_items'."> | SelectQueryError<...>'.
  Property 'points' does not exist on type 'SelectQueryError<"column 'points' does not exist on 'menu_items'.">'.
src/routes/index.tsx(154,15): error TS2322: Type '{ type: string; }' is not assignable to type '{ type: string; current: string | undefined; } | ParamsReducerFn<RouterCore<Route<Register, any, "/", "/", string, "__root__", undefined, {}, { queryClient: QueryClient; }, AnyContext, ... 7 more ..., undefined>, "never", false, RouterHistory, Record<...>>, "SEARCH", string, "/select-location">'.
  Property 'current' is missing in type '{ type: string; }' but required in type '{ type: string; current: string | undefined; }'.
src/routes/index.tsx(168,15): error TS2322: Type '{ type: string; }' is not assignable to type '{ type: string; current: string | undefined; } | ParamsReducerFn<RouterCore<Route<Register, any, "/", "/", string, "__root__", undefined, {}, { queryClient: QueryClient; }, AnyContext, ... 7 more ..., undefined>, "never", false, RouterHistory, Record<...>>, "SEARCH", string, "/select-location">'.
  Property 'current' is missing in type '{ type: string; }' but required in type '{ type: string; current: string | undefined; }'.
src/routes/notifications.tsx(27,15): error TS2769: No overload matches this call.
  Overload 1 of 2, '(relation: "menu_items" | "order_items" | "orders"): PostgrestQueryBuilder<{ PostgrestVersion: "14.5"; }, { Tables: { menu_items: { Row: { available: boolean; category: string; created_at: string; description: string; id: string; image_url: string | null; name: string; price: number; }; Insert: { ...; }; Update: { ...; }; Relationships: []; }; order_items: { ...; }; orders: { ...; }; }; Views: {}; Functions: {}; Enums: {}; CompositeTypes: {}; }, { ...; } | ... 1 more ... | { ...; }, "menu_items" | ... 1 more ... | "orders", [] | [...]>', gave the following error.
    Argument of type '"notifications"' is not assignable to parameter of type '"menu_items" | "order_items" | "orders"'.
  Overload 2 of 2, '(relation: never): PostgrestQueryBuilder<{ PostgrestVersion: "14.5"; }, { Tables: { menu_items: { Row: { available: boolean; category: string; created_at: string; description: string; id: string; image_url: string | null; name: string; price: number; }; Insert: { ...; }; Update: { ...; }; Relationships: []; }; order_items: { ...; }; orders: { ...; }; }; Views: {}; Functions: {}; Enums: {}; CompositeTypes: {}; }, never, never, never>', gave the following error.
    Argument of type '"notifications"' is not assignable to parameter of type 'never'.
src/routes/notifications.tsx(29,13): error TS2345: Argument of type '"is_active"' is not assignable to parameter of type '"id"'.
src/routes/notifications.tsx(35,26): error TS2345: Argument of type '({ available: boolean; category: string; created_at: string; description: string; id: string; image_url: string | null; name: string; price: number; } | { id: string; menu_item_id: string | null; ... 4 more ...; qty: number; } | { ...; })[]' is not assignable to parameter of type 'SetStateAction<Notification[]>'.
  Type '({ available: boolean; category: string; created_at: string; description: string; id: string; image_url: string | null; name: string; price: number; } | { id: string; menu_item_id: string | null; ... 4 more ...; qty: number; } | { ...; })[]' is not assignable to type 'Notification[]'.
    Type '{ available: boolean; category: string; created_at: string; description: string; id: string; image_url: string | null; name: string; price: number; } | { id: string; menu_item_id: string | null; ... 4 more ...; qty: number; } | { ...; }' is not assignable to type 'Notification'.
      Type '{ available: boolean; category: string; created_at: string; description: string; id: string; image_url: string | null; name: string; price: number; }' is missing the following properties from type 'Notification': title, content
src/routes/order.$orderId.tsx(7,31): error TS2307: Cannot find module '@/lib/tripay' or its corresponding type declarations.
src/routes/pickup.tsx(54,56): error TS2769: No overload matches this call.
  Overload 1 of 2, '(relation: "menu_items" | "order_items" | "orders"): PostgrestQueryBuilder<{ PostgrestVersion: "14.5"; }, { Tables: { menu_items: { Row: { available: boolean; category: string; created_at: string; description: string; id: string; image_url: string | null; name: string; price: number; }; Insert: { ...; }; Update: { ...; }; Relationships: []; }; order_items: { ...; }; orders: { ...; }; }; Views: {}; Functions: {}; Enums: {}; CompositeTypes: {}; }, { ...; } | ... 1 more ... | { ...; }, "menu_items" | ... 1 more ... | "orders", [] | [...]>', gave the following error.
    Argument of type '"branches"' is not assignable to parameter of type '"menu_items" | "order_items" | "orders"'.
  Overload 2 of 2, '(relation: never): PostgrestQueryBuilder<{ PostgrestVersion: "14.5"; }, { Tables: { menu_items: { Row: { available: boolean; category: string; created_at: string; description: string; id: string; image_url: string | null; name: string; price: number; }; Insert: { ...; }; Update: { ...; }; Relationships: []; }; order_items: { ...; }; orders: { ...; }; }; Views: {}; Functions: {}; Enums: {}; CompositeTypes: {}; }, never, never, never>', gave the following error.
    Argument of type '"branches"' is not assignable to parameter of type 'never'.
src/routes/pickup.tsx(54,84): error TS2345: Argument of type '"slug"' is not assignable to parameter of type '"id"'.
src/routes/pickup.tsx(104,57): error TS2769: No overload matches this call.
  Overload 1 of 2, '(relation: "menu_items" | "order_items" | "orders"): PostgrestQueryBuilder<{ PostgrestVersion: "14.5"; }, { Tables: { menu_items: { Row: { available: boolean; category: string; created_at: string; description: string; id: string; image_url: string | null; name: string; price: number; }; Insert: { ...; }; Update: { ...; }; Relationships: []; }; order_items: { ...; }; orders: { ...; }; }; Views: {}; Functions: {}; Enums: {}; CompositeTypes: {}; }, { ...; } | ... 1 more ... | { ...; }, "menu_items" | ... 1 more ... | "orders", [] | [...]>', gave the following error.
    Argument of type '"profiles"' is not assignable to parameter of type '"menu_items" | "order_items" | "orders"'.
  Overload 2 of 2, '(relation: never): PostgrestQueryBuilder<{ PostgrestVersion: "14.5"; }, { Tables: { menu_items: { Row: { available: boolean; category: string; created_at: string; description: string; id: string; image_url: string | null; name: string; price: number; }; Insert: { ...; }; Update: { ...; }; Relationships: []; }; order_items: { ...; }; orders: { ...; }; }; Views: {}; Functions: {}; Enums: {}; CompositeTypes: {}; }, never, never, never>', gave the following error.
    Argument of type '"profiles"' is not assignable to parameter of type 'never'.
src/routes/pickup.tsx(104,96): error TS2345: Argument of type '"phone"' is not assignable to parameter of type '"id"'.
src/routes/pickup.tsx(107,33): error TS2769: No overload matches this call.
  Overload 1 of 2, '(relation: "menu_items" | "order_items" | "orders"): PostgrestQueryBuilder<{ PostgrestVersion: "14.5"; }, { Tables: { menu_items: { Row: { available: boolean; category: string; created_at: string; description: string; id: string; image_url: string | null; name: string; price: number; }; Insert: { ...; }; Update: { ...; }; Relationships: []; }; order_items: { ...; }; orders: { ...; }; }; Views: {}; Functions: {}; Enums: {}; CompositeTypes: {}; }, { ...; } | ... 1 more ... | { ...; }, "menu_items" | ... 1 more ... | "orders", [] | [...]>', gave the following error.
    Argument of type '"profiles"' is not assignable to parameter of type '"menu_items" | "order_items" | "orders"'.
  Overload 2 of 2, '(relation: never): PostgrestQueryBuilder<{ PostgrestVersion: "14.5"; }, { Tables: { menu_items: { Row: { available: boolean; category: string; created_at: string; description: string; id: string; image_url: string | null; name: string; price: number; }; Insert: { ...; }; Update: { ...; }; Relationships: []; }; order_items: { ...; }; orders: { ...; }; }; Views: {}; Functions: {}; Enums: {}; CompositeTypes: {}; }, never, never, never>', gave the following error.
    Argument of type '"profiles"' is not assignable to parameter of type 'never'.
src/routes/pickup.tsx(107,54): error TS2353: Object literal may only specify known properties, and 'points' does not exist in type 'RejectExcessProperties<{ available?: boolean | undefined; category?: string | undefined; created_at?: string | undefined; description?: string | undefined; id?: string | undefined; image_url?: string | null | undefined; name?: string | undefined; price?: number | undefined; } | { ...; } | { ...; }, { ...; } | ... 1 ...'.
src/routes/pickup.tsx(107,71): error TS2339: Property 'points' does not exist on type 'SelectQueryError<"column 'points' does not exist on 'menu_items'."> | SelectQueryError<"column 'points' does not exist on 'order_items'."> | SelectQueryError<...>'.
  Property 'points' does not exist on type 'SelectQueryError<"column 'points' does not exist on 'menu_items'.">'.
src/routes/pickup.tsx(107,104): error TS2345: Argument of type '"phone"' is not assignable to parameter of type '"id"'.
src/routes/points.tsx(40,53): error TS2769: No overload matches this call.
  Overload 1 of 2, '(relation: "menu_items" | "order_items" | "orders"): PostgrestQueryBuilder<{ PostgrestVersion: "14.5"; }, { Tables: { menu_items: { Row: { available: boolean; category: string; created_at: string; description: string; id: string; image_url: string | null; name: string; price: number; }; Insert: { ...; }; Update: { ...; }; Relationships: []; }; order_items: { ...; }; orders: { ...; }; }; Views: {}; Functions: {}; Enums: {}; CompositeTypes: {}; }, { ...; } | ... 1 more ... | { ...; }, "menu_items" | ... 1 more ... | "orders", [] | [...]>', gave the following error.
    Argument of type '"profiles"' is not assignable to parameter of type '"menu_items" | "order_items" | "orders"'.
  Overload 2 of 2, '(relation: never): PostgrestQueryBuilder<{ PostgrestVersion: "14.5"; }, { Tables: { menu_items: { Row: { available: boolean; category: string; created_at: string; description: string; id: string; image_url: string | null; name: string; price: number; }; Insert: { ...; }; Update: { ...; }; Relationships: []; }; order_items: { ...; }; orders: { ...; }; }; Views: {}; Functions: {}; Enums: {}; CompositeTypes: {}; }, never, never, never>', gave the following error.
    Argument of type '"profiles"' is not assignable to parameter of type 'never'.
src/routes/points.tsx(40,85): error TS2345: Argument of type '"phone"' is not assignable to parameter of type '"id"'.
src/routes/points.tsx(41,38): error TS2339: Property 'points' does not exist on type 'SelectQueryError<"column 'points' does not exist on 'menu_items'."> | SelectQueryError<"column 'points' does not exist on 'order_items'."> | SelectQueryError<...>'.
  Property 'points' does not exist on type 'SelectQueryError<"column 'points' does not exist on 'menu_items'.">'.
src/routes/points.tsx(45,15): error TS2769: No overload matches this call.
  Overload 1 of 2, '(relation: "menu_items" | "order_items" | "orders"): PostgrestQueryBuilder<{ PostgrestVersion: "14.5"; }, { Tables: { menu_items: { Row: { available: boolean; category: string; created_at: string; description: string; id: string; image_url: string | null; name: string; price: number; }; Insert: { ...; }; Update: { ...; }; Relationships: []; }; order_items: { ...; }; orders: { ...; }; }; Views: {}; Functions: {}; Enums: {}; CompositeTypes: {}; }, { ...; } | ... 1 more ... | { ...; }, "menu_items" | ... 1 more ... | "orders", [] | [...]>', gave the following error.
    Argument of type '"vouchers"' is not assignable to parameter of type '"menu_items" | "order_items" | "orders"'.
  Overload 2 of 2, '(relation: never): PostgrestQueryBuilder<{ PostgrestVersion: "14.5"; }, { Tables: { menu_items: { Row: { available: boolean; category: string; created_at: string; description: string; id: string; image_url: string | null; name: string; price: number; }; Insert: { ...; }; Update: { ...; }; Relationships: []; }; order_items: { ...; }; orders: { ...; }; }; Views: {}; Functions: {}; Enums: {}; CompositeTypes: {}; }, never, never, never>', gave the following error.
    Argument of type '"vouchers"' is not assignable to parameter of type 'never'.
src/routes/points.tsx(48,13): error TS2345: Argument of type '"is_active"' is not assignable to parameter of type '"id"'.
src/routes/points.tsx(60,21): error TS2345: Argument of type '({ available: boolean; category: string; created_at: string; description: string; id: string; image_url: string | null; name: string; price: number; } | { id: string; menu_item_id: string | null; ... 4 more ...; qty: number; } | { ...; })[]' is not assignable to parameter of type 'SetStateAction<PointVoucher[]>'.
  Type '({ available: boolean; category: string; created_at: string; description: string; id: string; image_url: string | null; name: string; price: number; } | { id: string; menu_item_id: string | null; ... 4 more ...; qty: number; } | { ...; })[]' is not assignable to type 'PointVoucher[]'.
    Type '{ available: boolean; category: string; created_at: string; description: string; id: string; image_url: string | null; name: string; price: number; } | { id: string; menu_item_id: string | null; ... 4 more ...; qty: number; } | { ...; }' is not assignable to type 'PointVoucher'.
      Type '{ available: boolean; category: string; created_at: string; description: string; id: string; image_url: string | null; name: string; price: number; }' is missing the following properties from type 'PointVoucher': code, title, discount_type, discount_amount, points_required
src/routes/points.tsx(83,15): error TS2769: No overload matches this call.
  Overload 1 of 2, '(relation: "menu_items" | "order_items" | "orders"): PostgrestQueryBuilder<{ PostgrestVersion: "14.5"; }, { Tables: { menu_items: { Row: { available: boolean; category: string; created_at: string; description: string; id: string; image_url: string | null; name: string; price: number; }; Insert: { ...; }; Update: { ...; }; Relationships: []; }; order_items: { ...; }; orders: { ...; }; }; Views: {}; Functions: {}; Enums: {}; CompositeTypes: {}; }, { ...; } | ... 1 more ... | { ...; }, "menu_items" | ... 1 more ... | "orders", [] | [...]>', gave the following error.
    Argument of type '"profiles"' is not assignable to parameter of type '"menu_items" | "order_items" | "orders"'.
  Overload 2 of 2, '(relation: never): PostgrestQueryBuilder<{ PostgrestVersion: "14.5"; }, { Tables: { menu_items: { Row: { available: boolean; category: string; created_at: string; description: string; id: string; image_url: string | null; name: string; price: number; }; Insert: { ...; }; Update: { ...; }; Relationships: []; }; order_items: { ...; }; orders: { ...; }; }; Views: {}; Functions: {}; Enums: {}; CompositeTypes: {}; }, never, never, never>', gave the following error.
    Argument of type '"profiles"' is not assignable to parameter of type 'never'.
src/routes/points.tsx(84,19): error TS2353: Object literal may only specify known properties, and 'points' does not exist in type 'RejectExcessProperties<{ available?: boolean | undefined; category?: string | undefined; created_at?: string | undefined; description?: string | undefined; id?: string | undefined; image_url?: string | null | undefined; name?: string | undefined; price?: number | undefined; } | { ...; } | { ...; }, { ...; } | ... 1 ...'.
src/routes/points.tsx(85,13): error TS2345: Argument of type '"phone"' is not assignable to parameter of type '"id"'.
src/routes/select-location.tsx(135,79): error TS2339: Property 'distance' does not exist on type 'Branch'.
src/routes/select-location.tsx(145,25): error TS2339: Property 'distance' does not exist on type 'Branch'.
src/routes/select-location.tsx(147,62): error TS2339: Property 'distance' does not exist on type 'Branch'.
src/routes/table.$tableNumber.tsx(113,11): error TS2322: Type 'any' is not assignable to type 'never'.
src/routes/table.$tableNumber.tsx(114,11): error TS2322: Type 'any' is not assignable to type 'never'.
src/routes/tutorial.tsx(44,41): error TS2322: Type '{ type: string; }' is not assignable to type '{ type: string; current: string | undefined; } | ParamsReducerFn<RouterCore<Route<Register, any, "/", "/", string, "__root__", undefined, {}, { queryClient: QueryClient; }, AnyContext, ... 7 more ..., undefined>, "never", false, RouterHistory, Record<...>>, "SEARCH", string, "/select-location">'.
  Property 'current' is missing in type '{ type: string; }' but required in type '{ type: string; current: string | undefined; }'.
src/routes/tutorial.tsx(68,41): error TS2322: Type '{ type: string; }' is not assignable to type '{ type: string; current: string | undefined; } | ParamsReducerFn<RouterCore<Route<Register, any, "/", "/", string, "__root__", undefined, {}, { queryClient: QueryClient; }, AnyContext, ... 7 more ..., undefined>, "never", false, RouterHistory, Record<...>>, "SEARCH", string, "/select-location">'.
  Property 'current' is missing in type '{ type: string; }' but required in type '{ type: string; current: string | undefined; }'.
src/routes/vouchers.tsx(32,15): error TS2769: No overload matches this call.
  Overload 1 of 2, '(relation: "menu_items" | "order_items" | "orders"): PostgrestQueryBuilder<{ PostgrestVersion: "14.5"; }, { Tables: { menu_items: { Row: { available: boolean; category: string; created_at: string; description: string; id: string; image_url: string | null; name: string; price: number; }; Insert: { ...; }; Update: { ...; }; Relationships: []; }; order_items: { ...; }; orders: { ...; }; }; Views: {}; Functions: {}; Enums: {}; CompositeTypes: {}; }, { ...; } | ... 1 more ... | { ...; }, "menu_items" | ... 1 more ... | "orders", [] | [...]>', gave the following error.
    Argument of type '"vouchers"' is not assignable to parameter of type '"menu_items" | "order_items" | "orders"'.
  Overload 2 of 2, '(relation: never): PostgrestQueryBuilder<{ PostgrestVersion: "14.5"; }, { Tables: { menu_items: { Row: { available: boolean; category: string; created_at: string; description: string; id: string; image_url: string | null; name: string; price: number; }; Insert: { ...; }; Update: { ...; }; Relationships: []; }; order_items: { ...; }; orders: { ...; }; }; Views: {}; Functions: {}; Enums: {}; CompositeTypes: {}; }, never, never, never>', gave the following error.
    Argument of type '"vouchers"' is not assignable to parameter of type 'never'.
src/routes/vouchers.tsx(34,13): error TS2345: Argument of type '"is_active"' is not assignable to parameter of type '"id"'.
src/routes/vouchers.tsx(35,13): error TS2345: Argument of type '"is_visual"' is not assignable to parameter of type '"id"'.
src/routes/vouchers.tsx(41,21): error TS2345: Argument of type '({ available: boolean; category: string; created_at: string; description: string; id: string; image_url: string | null; name: string; price: number; } | { id: string; menu_item_id: string | null; ... 4 more ...; qty: number; } | { ...; })[]' is not assignable to parameter of type 'SetStateAction<Voucher[]>'.
  Type '({ available: boolean; category: string; created_at: string; description: string; id: string; image_url: string | null; name: string; price: number; } | { id: string; menu_item_id: string | null; ... 4 more ...; qty: number; } | { ...; })[]' is not assignable to type 'Voucher[]'.
    Type '{ available: boolean; category: string; created_at: string; description: string; id: string; image_url: string | null; name: string; price: number; } | { id: string; menu_item_id: string | null; ... 4 more ...; qty: number; } | { ...; }' is not assignable to type 'Voucher'.
      Type '{ available: boolean; category: string; created_at: string; description: string; id: string; image_url: string | null; name: string; price: number; }' is missing the following properties from type 'Voucher': code, title, discount_type, discount_amount, and 2 more.
src/routes/vouchers.tsx(62,13): error TS2769: No overload matches this call.
  Overload 1 of 2, '(relation: "menu_items" | "order_items" | "orders"): PostgrestQueryBuilder<{ PostgrestVersion: "14.5"; }, { Tables: { menu_items: { Row: { available: boolean; category: string; created_at: string; description: string; id: string; image_url: string | null; name: string; price: number; }; Insert: { ...; }; Update: { ...; }; Relationships: []; }; order_items: { ...; }; orders: { ...; }; }; Views: {}; Functions: {}; Enums: {}; CompositeTypes: {}; }, { ...; } | ... 1 more ... | { ...; }, "menu_items" | ... 1 more ... | "orders", [] | [...]>', gave the following error.
    Argument of type '"vouchers"' is not assignable to parameter of type '"menu_items" | "order_items" | "orders"'.
  Overload 2 of 2, '(relation: never): PostgrestQueryBuilder<{ PostgrestVersion: "14.5"; }, { Tables: { menu_items: { Row: { available: boolean; category: string; created_at: string; description: string; id: string; image_url: string | null; name: string; price: number; }; Insert: { ...; }; Update: { ...; }; Relationships: []; }; order_items: { ...; }; orders: { ...; }; }; Views: {}; Functions: {}; Enums: {}; CompositeTypes: {}; }, never, never, never>', gave the following error.
    Argument of type '"vouchers"' is not assignable to parameter of type 'never'.
src/routes/vouchers.tsx(64,11): error TS2345: Argument of type '"code"' is not assignable to parameter of type '"id"'.
src/routes/vouchers.tsx(65,11): error TS2345: Argument of type '"is_active"' is not assignable to parameter of type '"id"'.
src/routes/vouchers.tsx(71,37): error TS2339: Property 'code' does not exist on type '{ available: boolean; category: string; created_at: string; description: string; id: string; image_url: string | null; name: string; price: number; } | { id: string; menu_item_id: string | null; ... 4 more ...; qty: number; } | { ...; }'.
  Property 'code' does not exist on type '{ available: boolean; category: string; created_at: string; description: string; id: string; image_url: string | null; name: string; price: number; }'.
src/services/orderService.ts(8,15): error TS2345: Argument of type 'Omit<Order, "id" | "created_at">' is not assignable to parameter of type 'RejectExcessProperties<{ created_at?: string | undefined; id?: string | undefined; note?: string | null | undefined; status?: string | undefined; table_number: number; total: number; }, Omit<Order, "id" | "created_at">> | RejectExcessProperties<...>[]'.
  Type 'Omit<Order, "id" | "created_at">' is not assignable to type 'RejectExcessProperties<{ created_at?: string | undefined; id?: string | undefined; note?: string | null | undefined; status?: string | undefined; table_number: number; total: number; }, Omit<Order, "id" | "created_at">>'.
    Type 'Omit<Order, "id" | "created_at">' is not assignable to type '{ order_items: never; payment_channel: never; customer_name: never; customer_phone: never; payment_url: never; payment_reference: never; payment_qr_url: never; payment_instructions: never; ... 9 more ...; agreed_terms: never; }'.
      Types of property 'order_items' are incompatible.
        Type 'OrderItem[] | undefined' is not assignable to type 'never'.
          Type 'undefined' is not assignable to type 'never'.
src/services/tripayService.ts(61,26): error TS2339: Property 'payment_channel' does not exist on type '{ created_at: string; id: string; note: string | null; status: string; table_number: number; total: number; }'.
src/services/tripayService.ts(62,30): error TS2339: Property 'customer_name' does not exist on type '{ created_at: string; id: string; note: string | null; status: string; table_number: number; total: number; }'.
src/services/tripayService.ts(63,31): error TS2339: Property 'customer_phone' does not exist on type '{ created_at: string; id: string; note: string | null; status: string; table_number: number; total: number; }'.
src/services/tripayService.ts(113,9): error TS2353: Object literal may only specify known properties, and 'payment_url' does not exist in type 'RejectExcessProperties<{ created_at?: string | undefined; id?: string | undefined; note?: string | null | undefined; status?: string | undefined; table_number?: number | undefined; total?: number | undefined; }, { ...; }>'.
vite.config.ts(10,3): error TS2769: No overload matches this call.
  The last overload gave the following error.
    Object literal may only specify known properties, and 'server' does not exist in type 'LovableViteTanstackOptions'.
